{"HostConfigHash":"a60a3b3","CardHash":"d6730fa","Error":null}