{"HostConfigHash":"a60a3b3","CardHash":"3962e67","Error":null}