{"HostConfigHash":"a60a3b3","CardHash":"b789fb3","Error":null}