{"HostConfigHash":"a60a3b3","CardHash":"bb586f9","Error":null}