{"HostConfigHash":"e67bfb1","CardHash":"f675ecd","Error":null}