{"HostConfigHash":"e67bfb1","CardHash":"8a1b4b0","Error":null}