{"HostConfigHash":"ba6a932","CardHash":"61705ea","Error":null}