{"HostConfigHash":"e67bfb1","CardHash":"a5c25ba","Error":null}