{"HostConfigHash":"ba6a932","CardHash":"626a8ef","Error":null}