{"HostConfigHash":"e67bfb1","CardHash":"fa28ce2","Error":null}