{"HostConfigHash":"e67bfb1","CardHash":"3353c6b","Error":null}