{"HostConfigHash":"e67bfb1","CardHash":"3962e67","Error":null}