{"HostConfigHash":"ba6a932","CardHash":"faaccb2","Error":null}