{"HostConfigHash":"0429fa9","CardHash":"727ee34","Error":null}