{"HostConfigHash":"0429fa9","CardHash":"7103502","Error":null}