{"HostConfigHash":"0429fa9","CardHash":"c5fe14d","Error":null}