{"HostConfigHash":"0429fa9","CardHash":"e33f36b","Error":null}