{"HostConfigHash":"0429fa9","CardHash":"e177d51","Error":null}