{"HostConfigHash":"0429fa9","CardHash":"fea3e25","Error":null}