{"HostConfigHash":"0429fa9","CardHash":"bf3f699","Error":null}