{"HostConfigHash":"0429fa9","CardHash":"9a1a538","Error":null}