{"HostConfigHash":"356db29","CardHash":"05307db","Error":null}