{"HostConfigHash":"356db29","CardHash":"38eb7aa","Error":"Parsing card failed"}