{"HostConfigHash":"356db29","CardHash":"a1b7203","Error":null}