{"HostConfigHash":"356db29","CardHash":"05cfca6","Error":null}