{"HostConfigHash":"356db29","CardHash":"e05d823","Error":null}