{"HostConfigHash":"356db29","CardHash":"fc9ef03","Error":null}