{"HostConfigHash":"356db29","CardHash":"2842c5f","Error":null}