{"HostConfigHash":"bad5110","CardHash":"869d87c","Error":null}