{"HostConfigHash":"bad5110","CardHash":"58cd2e6","Error":null}