{"HostConfigHash":"bad5110","CardHash":"37621d4","Error":null}