{"HostConfigHash":"bad5110","CardHash":"804de83","Error":null}