{"HostConfigHash":"bad5110","CardHash":"f7f78ea","Error":null}