{"HostConfigHash":"8451742","CardHash":"05307db","Error":null}