{"HostConfigHash":"8451742","CardHash":"38eb7aa","Error":"Parsing card failed"}