{"HostConfigHash":"8451742","CardHash":"6f844da","Error":null}