{"HostConfigHash":"8451742","CardHash":"74a4c52","Error":null}