{"HostConfigHash":"d27c6d5","CardHash":"e177d51","Error":null}