{"HostConfigHash":"d27c6d5","CardHash":"a3a3dda","Error":null}