{"HostConfigHash":"d27c6d5","CardHash":"b27d64c","Error":null}