{"HostConfigHash":"d27c6d5","CardHash":"a1b7203","Error":null}