{"HostConfigHash":"2a972a2","CardHash":"0bd4870","Error":null}