{"HostConfigHash":"2a972a2","CardHash":"6ac5b76","Error":null}