{"HostConfigHash":"bc42010","CardHash":"fa28ce2","Error":null}