{"HostConfigHash":"2a972a2","CardHash":"7103502","Error":null}