{"HostConfigHash":"bc42010","CardHash":"9a1a538","Error":null}