{"HostConfigHash":"2a972a2","CardHash":"d4dc123","Error":null}