{"HostConfigHash":"2a972a2","CardHash":"bb586f9","Error":null}