{"HostConfigHash":"2a972a2","CardHash":"a922852","Error":null}