{"HostConfigHash":"2a972a2","CardHash":"d7c5869","Error":null}